// Jest Snapshot v1, https://goo.gl/fbAQLP

exports[`Manage Cameras POST /api/webclient/models Positive Get models 1`] = `
Object {
  "message": null,
  "status": "OK",
  "vendors": Array [
    Object {
      "id": "activecam",
      "models": Array [
        Object {
          "id": "othermodel",
          "multichannel": false,
          "regexp": "activecam.*",
          "title": "Other model",
        },
        Object {
          "id": "otherptzmodel",
          "multichannel": false,
          "regexp": "activecam.*",
          "title": "Other PTZ-model",
        },
        Object {
          "id": "acd6124ir15",
          "multichannel": false,
          "regexp": "AC-D6124IR15.*",
          "title": "AC-D6124IR15",
        },
        Object {
          "id": "acd2121ir3v2",
          "multichannel": false,
          "regexp": "AC-D2121IR3V2.*",
          "title": "AC-D2121IR3V2",
        },
      ],
      "title": "ActiveCam",
    },
    Object {
      "id": "atis",
      "models": Array [
        Object {
          "id": "othermodel",
          "multichannel": false,
          "regexp": "atis.*",
          "title": "Other model",
        },
        Object {
          "id": "otherptzmodel",
          "multichannel": false,
          "regexp": "atis.*",
          "title": "Other PTZ-model",
        },
        Object {
          "id": "anvd2mirp20w28aeco",
          "multichannel": false,
          "regexp": "ANVD-2MIRP.*",
          "title": "ANVD-2MIRP-20W/2.8A Eco",
        },
        Object {
          "id": "anvd5mirp30w28apro",
          "multichannel": false,
          "regexp": "ANVD-5MIRP.*",
          "title": "ANVD-5MIRP-30W/2.8A Pro",
        },
        Object {
          "id": "anw5mmzirp50w27135pro",
          "multichannel": false,
          "regexp": "ANW-5MMZIRP.*",
          "title": "ANW-5MMZIRP-50W/2.7-13.5 Pro",
        },
      ],
      "title": "Atis",
    },
    Object {
      "id": "axis",
      "models": Array [
        Object {
          "id": "othermodel",
          "multichannel": false,
          "regexp": "AXIS.*",
          "title": "Other model",
        },
        Object {
          "id": "otherptzmodel",
          "multichannel": false,
          "regexp": "AXIS.*",
          "title": "Other PTZ-model",
        },
        Object {
          "id": "m70",
          "multichannel": false,
          "regexp": "M70.*",
          "title": "M70",
        },
        Object {
          "id": "m30",
          "multichannel": false,
          "regexp": "M30.*",
          "title": "M30",
        },
        Object {
          "id": "m10",
          "multichannel": false,
          "regexp": "M10.*",
          "title": "M10",
        },
        Object {
          "id": "p5534e",
          "multichannel": false,
          "regexp": "P5534-E.*",
          "title": "P5534-E",
        },
        Object {
          "id": "q6035e",
          "multichannel": false,
          "regexp": "Q6035-E.*",
          "title": "Q6035-E",
        },
        Object {
          "id": "q7401",
          "multichannel": false,
          "regexp": "Q7401.*",
          "title": "Q7401",
        },
        Object {
          "id": "p3364",
          "multichannel": false,
          "regexp": "P3364.*",
          "title": "P3364",
        },
        Object {
          "id": "p3225vmkii",
          "multichannel": false,
          "regexp": "P3225-V.*",
          "title": "P3225-V Mk II",
        },
        Object {
          "id": "p5515e",
          "multichannel": false,
          "regexp": "P5515-E.*",
          "title": "P5515-E",
        },
        Object {
          "id": "p5515",
          "multichannel": false,
          "regexp": "P5515.*",
          "title": "P5515",
        },
        Object {
          "id": "p1435le",
          "multichannel": false,
          "regexp": "P1435-LE.*",
          "title": "P1435-LE",
        },
        Object {
          "id": "m1034w",
          "multichannel": false,
          "regexp": "M1034-W.*",
          "title": "M1034-W",
        },
        Object {
          "id": "m1065lw",
          "multichannel": false,
          "regexp": "M1065-LW.*",
          "title": "M1065-LW",
        },
        Object {
          "id": "m3007",
          "multichannel": false,
          "regexp": "M3007.*",
          "title": "M3007",
        },
        Object {
          "id": "p1214e",
          "multichannel": false,
          "regexp": "P1214-E.*",
          "title": "P1214-E",
        },
        Object {
          "id": "m7014",
          "multichannel": false,
          "regexp": "M7014",
          "title": "M7014",
        },
        Object {
          "id": "q1647",
          "multichannel": false,
          "regexp": "Q1647",
          "title": "Q1647",
        },
      ],
      "title": "Axis",
    },
    Object {
      "id": "bosch",
      "models": Array [
        Object {
          "id": "othermodel",
          "multichannel": false,
          "regexp": "bosch.*",
          "title": "Other model",
        },
        Object {
          "id": "otherptzmodel",
          "multichannel": false,
          "regexp": "bosch.*",
          "title": "Other PTZ-model",
        },
        Object {
          "id": "autodomeip7000hd",
          "multichannel": false,
          "regexp": "AUTODOME IP 7000.*",
          "title": "AUTODOME IP 7000 HD",
        },
        Object {
          "id": "autodomehdmp",
          "multichannel": false,
          "regexp": "AutoDome.*",
          "title": "AutoDome HD/MP",
        },
        Object {
          "id": "flexidomehdmp",
          "multichannel": false,
          "regexp": "FlexiDome HD/MP.*",
          "title": "FlexiDome HD/MP",
        },
        Object {
          "id": "dinioniphdmp",
          "multichannel": false,
          "regexp": "Dinion IP.*",
          "title": "Dinion IP HD/MP",
        },
        Object {
          "id": "ndn",
          "multichannel": false,
          "regexp": "NDN.*",
          "title": "NDN",
        },
        Object {
          "id": "flexidomeipindoor5000hd",
          "multichannel": false,
          "regexp": "FLEXIDOME IP indoor 5000.*",
          "title": "FLEXIDOME IP indoor 5000 HD",
        },
      ],
      "title": "Bosch",
    },
    Object {
      "id": "satro",
      "models": Array [
        Object {
          "id": "othermodel",
          "multichannel": false,
          "regexp": "CATPO.*",
          "title": "Other model",
        },
        Object {
          "id": "otherptzmodel",
          "multichannel": false,
          "regexp": "CATPO.*",
          "title": "Other PTZ-model",
        },
        Object {
          "id": "vcnco40z",
          "multichannel": false,
          "regexp": "CATPO-VC-NCO40Z",
          "title": "VC-NCO40Z",
        },
        Object {
          "id": "vcnco20v",
          "multichannel": false,
          "regexp": "VC-NCO20V.*",
          "title": "VC-NCO20V",
        },
        Object {
          "id": "ipnc",
          "multichannel": false,
          "regexp": "ipnc.*",
          "title": "ipnc",
        },
        Object {
          "id": "vcnco20z10",
          "multichannel": false,
          "regexp": "VC-NCO20Z10.*",
          "title": "VC-NCO20Z10",
        },
        Object {
          "id": "vcnki40fwfa",
          "multichannel": false,
          "regexp": "VC-NKI40F-WFA.*",
          "title": "VC-NKI40F-WFA",
        },
        Object {
          "id": "vcndv40f",
          "multichannel": false,
          "regexp": "VC-NDV40F.*",
          "title": "VC-NDV40F",
        },
      ],
      "title": "CATPO-Paladin",
    },
    Object {
      "id": "dahua",
      "models": Array [
        Object {
          "id": "othermodel",
          "multichannel": false,
          "regexp": "dahua.*|DH-IPC.*|DH-SD.*",
          "title": "Other model",
        },
        Object {
          "id": "otherptzmodel",
          "multichannel": false,
          "regexp": "dahua.*|DH-IPC.*|DH-SD.*",
          "title": "Other PTZ-model",
        },
        Object {
          "id": "hdpw",
          "multichannel": false,
          "regexp": "DH-IPC-HDPW",
          "title": "HDPW",
        },
        Object {
          "id": "hdw",
          "multichannel": false,
          "regexp": "DH-IPC-HDW|DH-IPC-HDBW",
          "title": "HDW",
        },
        Object {
          "id": "hfw",
          "multichannel": false,
          "regexp": "DH-IPC-HFW",
          "title": "HFW",
        },
        Object {
          "id": "dhipchdw4421m",
          "multichannel": false,
          "regexp": "DH-IPC-HDW4421M.*",
          "title": "DH-IPC-HDW4421M",
        },
        Object {
          "id": "dhipchfw4830eps0400b",
          "multichannel": false,
          "regexp": "DH-IPC-HFW4830EP.*",
          "title": "DH-IPC-HFW4830EP-S-0400B",
        },
        Object {
          "id": "dhipchfw5231epze",
          "multichannel": false,
          "regexp": "DH-IPC-HFW5231EP.*",
          "title": "DH-IPC-HFW5231EP-ZE",
        },
        Object {
          "id": "dhsd59225uhni",
          "multichannel": false,
          "regexp": "DH-SD59225U-HNI.*",
          "title": "DH-SD59225U-HNI",
        },
        Object {
          "id": "dhipchfw5431epze",
          "multichannel": false,
          "regexp": "DH-IPC-HFW5431EP.*",
          "title": "DH-IPC-HFW5431EP-ZE",
        },
        Object {
          "id": "dhipchdw1230sp0280b",
          "multichannel": false,
          "regexp": "DH-IPC-HDW1230SP.*",
          "title": "DH-IPC-HDW1230SP-0280B",
        },
        Object {
          "id": "dhipchdbw1230eps0360b",
          "multichannel": false,
          "regexp": "DH-IPC-HDBW1230EP.*",
          "title": "DH-IPC-HDBW1230EP-S-0360B",
        },
        Object {
          "id": "dhipchdbw4231fpas0360b",
          "multichannel": false,
          "regexp": "DH-IPC-HDBW4231FP.*",
          "title": "DH-IPC-HDBW4231FP-AS-0360B",
        },
        Object {
          "id": "dhipchdbw5431rpze",
          "multichannel": false,
          "regexp": "DH-IPC-HDBW5431RP.*",
          "title": "DH-IPC-HDBW5431RP-ZE",
        },
        Object {
          "id": "dhipchfw4431tpase0360b",
          "multichannel": false,
          "regexp": "DH-IPC-HFW4431TP.*",
          "title": "DH-IPC-HFW4431TP-ASE-0360B",
        },
        Object {
          "id": "dhipchdw4231empase0280b",
          "multichannel": false,
          "regexp": "DH-IPC-HDW4231EMP.*",
          "title": "DH-IPC-HDW4231EMP-ASE-0280B",
        },
        Object {
          "id": "dhipchdbw2431rpzs",
          "multichannel": false,
          "regexp": "DH-IPC-HDBW2431RP.*",
          "title": "DH-IPC-HDBW2431RP-ZS",
        },
        Object {
          "id": "dhipchdw4431empase0280b",
          "multichannel": false,
          "regexp": "DH-IPC-HDW4431EMP.*",
          "title": "DH-IPC-HDW4431EMP-ASE-0280B",
        },
        Object {
          "id": "dhipchdbw2231rpvfs",
          "multichannel": false,
          "regexp": "DH-IPC-HDBW2231RP.*",
          "title": "DH-IPC-HDBW2231RP-VFS",
        },
        Object {
          "id": "dhipchdbw5231rpze",
          "multichannel": false,
          "regexp": "DH-IPC-HDBW5231RP.*",
          "title": "DH-IPC-HDBW5231RP-ZE",
        },
        Object {
          "id": "dhipchdw1431sp0280b",
          "multichannel": false,
          "regexp": "DH-IPC-HDW1431SP.*",
          "title": "DH-IPC-HDW1431SP-0280B",
        },
        Object {
          "id": "dhipchdbw1431eps0360b",
          "multichannel": false,
          "regexp": "DH-IPC-HDBW1431EP.*",
          "title": "DH-IPC-HDBW1431EP-S-0360B",
        },
        Object {
          "id": "dhipchdpw1420fpas0280b",
          "multichannel": false,
          "regexp": "DH-IPC-HDPW1420FP.*",
          "title": "DH-IPC-HDPW1420FP-AS-0280B",
        },
        Object {
          "id": "dhipchdbw4431fpas0280b",
          "multichannel": false,
          "regexp": "DH-IPC-HDBW4431FP.*",
          "title": "DH-IPC-HDBW4431FP-AS-0280B",
        },
        Object {
          "id": "dhipchdw1531sp0280b",
          "multichannel": false,
          "regexp": "DH-IPC-HDW1531SP-0280B",
          "title": "DH-IPC-HDW1531SP-0280B",
        },
        Object {
          "id": "dhsd6ce230uhni",
          "multichannel": false,
          "regexp": "DH-SD6CE230U-HNI.*",
          "title": "DH-SD6CE230U-HNI",
        },
        Object {
          "id": "dhinvr21044ks2",
          "multichannel": false,
          "regexp": "DHI-NVR2104.*",
          "title": "DHI-NVR2104-4KS2",
        },
        Object {
          "id": "dhixvrseries",
          "multichannel": false,
          "regexp": "DHI-XVR.*",
          "title": "DHI-XVR series",
        },
        Object {
          "id": "dhtpcbf5421t",
          "multichannel": false,
          "regexp": "DH-TPC-BF5421.*",
          "title": "DH-TPC-BF5421-T",
        },
        Object {
          "id": "dhtpcbf5421tir",
          "multichannel": false,
          "regexp": "DH-TPC-BF5421.*",
          "title": "DH-TPC-BF5421-T IR",
        },
      ],
      "title": "Dahua",
    },
    Object {
      "id": "hikvision",
      "models": Array [
        Object {
          "id": "othermodel",
          "multichannel": false,
          "regexp": "hikvision.*|^DS-2C.*",
          "title": "Other model",
        },
        Object {
          "id": "otherptzmodel",
          "multichannel": false,
          "regexp": "hikvision.*|^DS-2C.*",
          "title": "Other PTZ-model",
        },
        Object {
          "id": "2cd2",
          "multichannel": false,
          "regexp": "DS-2CD2.*",
          "title": "2CD2",
        },
        Object {
          "id": "2cd4",
          "multichannel": false,
          "regexp": "DS-2CD4.*",
          "title": "2CD4",
        },
        Object {
          "id": "2cd5",
          "multichannel": false,
          "regexp": "DS-2CD5.*",
          "title": "2CD5",
        },
        Object {
          "id": "2cd2ptz",
          "multichannel": false,
          "regexp": "DS-2CD2.+-IZ",
          "title": "2CD2-ptz",
        },
        Object {
          "id": "2cd4ptz",
          "multichannel": false,
          "regexp": "DS-2CD4.+-IZ",
          "title": "2CD4-ptz",
        },
        Object {
          "id": "2cd5ptz",
          "multichannel": false,
          "regexp": "DS-2CD5.+-IZ",
          "title": "2CD5-ptz",
        },
        Object {
          "id": "ds2cd2722fwdizs",
          "multichannel": false,
          "regexp": "DS-2CD2722FWD.*",
          "title": "DS-2CD2722FWD-IZS",
        },
        Object {
          "id": "ds2df7284ael",
          "multichannel": false,
          "regexp": "DS-2DF7284.*",
          "title": "DS-2DF7284-AEL",
        },
        Object {
          "id": "ds2de4425wde3",
          "multichannel": false,
          "regexp": "DS-2DE4425W.*",
          "title": "DS-2DE4425W-DE3",
        },
        Object {
          "id": "ds2cd4c26fwd",
          "multichannel": false,
          "regexp": "DS-2CD4C26FWD.*",
          "title": "DS-2CD4C26FWD",
        },
        Object {
          "id": "ds2cd4c26fwdap",
          "multichannel": false,
          "regexp": "DS-2CD4C26FWD-AP.*",
          "title": "DS-2CD4C26FWD-AP",
        },
        Object {
          "id": "ds2cd4012fwda",
          "multichannel": false,
          "regexp": "DS-2CD4012FWD-A.*",
          "title": "DS-2CD4012FWD-A",
        },
        Object {
          "id": "ds2cd4012fwd",
          "multichannel": false,
          "regexp": "DS-2CD4012FWD.*",
          "title": "DS-2CD4012FWD",
        },
        Object {
          "id": "ds2cd2442fwdiw",
          "multichannel": false,
          "regexp": "DS-2CD2442FWD-IW.*",
          "title": "DS-2CD2442FWD-IW",
        },
        Object {
          "id": "ds2cd2442fwd",
          "multichannel": false,
          "regexp": "DS-2CD2442FWD.*",
          "title": "DS-2CD2442FWD",
        },
        Object {
          "id": "ds2cd4a25fwdizhs",
          "multichannel": false,
          "regexp": "DS-2CD4A25FWD-IZHS.*",
          "title": "DS-2CD4A25FWD-IZHS",
        },
        Object {
          "id": "ds2cd4a25fwd",
          "multichannel": false,
          "regexp": "DS-2CD4A25FWD.*",
          "title": "DS-2CD4A25FWD",
        },
        Object {
          "id": "ds2cd2522fwd",
          "multichannel": false,
          "regexp": "DS-2CD2522FWD.*",
          "title": "DS-2CD2522FWD",
        },
        Object {
          "id": "ds2cd2522fwdis",
          "multichannel": false,
          "regexp": "DS-2CD2522FWD-IS.*",
          "title": "DS-2CD2522FWD-IS",
        },
        Object {
          "id": "ds2cd2622fwd",
          "multichannel": false,
          "regexp": "DS-2CD2622FWD.*",
          "title": "DS-2CD2622FWD",
        },
        Object {
          "id": "ds2cd2622fwdizs",
          "multichannel": false,
          "regexp": "DS-2CD2622FWD-IZS.*",
          "title": "DS-2CD2622FWD-IZS",
        },
        Object {
          "id": "ds2cd2623g0",
          "multichannel": false,
          "regexp": "DS-2CD2623G0.*",
          "title": "DS-2CD2623G0",
        },
        Object {
          "id": "ds2cd2623g0izs",
          "multichannel": false,
          "regexp": "DS-2CD2623G0-IZS.*",
          "title": "DS-2CD2623G0-IZS",
        },
        Object {
          "id": "ds2cd2t22wdi8",
          "multichannel": false,
          "regexp": "DS-2CD2T22WD-I8.*",
          "title": "DS-2CD2T22WD-I8",
        },
        Object {
          "id": "ds2cd2t22wd",
          "multichannel": false,
          "regexp": "DS-2CD2T22WD.*",
          "title": "DS-2CD2T22WD",
        },
        Object {
          "id": "ds2cd2655fwdizs",
          "multichannel": false,
          "regexp": "DS-2CD2655FWD-IZS.*",
          "title": "DS-2CD2655FWD-IZS",
        },
        Object {
          "id": "ds2cd4a26fwdizhs",
          "multichannel": false,
          "regexp": "DS-2CD4A26FWD-IZHS.*",
          "title": "DS-2CD4A26FWD-IZHS",
        },
        Object {
          "id": "ds2cd2t47g1l",
          "multichannel": false,
          "regexp": "DS-2CD2T47G1-L.*",
          "title": "DS-2CD2T47G1-L",
        },
        Object {
          "id": "dsi250",
          "multichannel": false,
          "regexp": "DS-I250.*",
          "title": "DS-I250",
        },
        Object {
          "id": "dsi225",
          "multichannel": false,
          "regexp": "DS-I225.*",
          "title": "DS-I225",
        },
      ],
      "title": "Hikvision",
    },
    Object {
      "id": "itv",
      "models": Array [
        Object {
          "id": "othermodel",
          "multichannel": true,
          "regexp": "ITV.*",
          "title": "Other model",
        },
      ],
      "title": "ITV",
    },
    Object {
      "id": "j2000",
      "models": Array [
        Object {
          "id": "othermodel",
          "multichannel": false,
          "regexp": "J2000.*",
          "title": "Other model",
        },
        Object {
          "id": "otherptzmodel",
          "multichannel": false,
          "regexp": "J2000.*",
          "title": "Other PTZ-model",
        },
        Object {
          "id": "hdip2dm30pa",
          "multichannel": false,
          "regexp": "HDIP2Dm30PA.*",
          "title": "HDIP2Dm30PA",
        },
        Object {
          "id": "hdip4dpa",
          "multichannel": false,
          "regexp": "HDIP4DPA.*",
          "title": "HDIP4DPA",
        },
        Object {
          "id": "hdip4dm30p",
          "multichannel": false,
          "regexp": "HDIP4Dm30P.*",
          "title": "HDIP4Dm30P",
        },
      ],
      "title": "J2000",
    },
    Object {
      "id": "ltv",
      "models": Array [
        Object {
          "id": "othermodel",
          "multichannel": false,
          "regexp": "ltv.*|CNE",
          "title": "Other model",
        },
        Object {
          "id": "otherptzmodel",
          "multichannel": false,
          "regexp": "ltv.*|CNE",
          "title": "Other PTZ-model",
        },
        Object {
          "id": "cne62048",
          "multichannel": false,
          "regexp": "CNE-620-48.*",
          "title": "CNE-620-48",
        },
        Object {
          "id": "cne320c1",
          "multichannel": false,
          "regexp": "CNE-320-C1.*",
          "title": "CNE-320-C1",
        },
        Object {
          "id": "cne65041",
          "multichannel": false,
          "regexp": "CNE-650-41.*",
          "title": "CNE-650-41",
        },
        Object {
          "id": "cne92058",
          "multichannel": false,
          "regexp": "CNE-920-58.*",
          "title": "CNE-920-58",
        },
        Object {
          "id": "cne64048",
          "multichannel": false,
          "regexp": "CNE-640-48.*",
          "title": "CNE-640-48",
        },
      ],
      "title": "LTV",
    },
    Object {
      "id": "onvif",
      "models": Array [
        Object {
          "id": "onvifcamera",
          "multichannel": false,
          "regexp": "onvif.*",
          "title": "onvif camera",
        },
        Object {
          "id": "onvifptzcamera",
          "multichannel": false,
          "regexp": "onvif ptz.*",
          "title": "onvif ptz camera",
        },
      ],
      "title": "ONVIF",
    },
    Object {
      "id": "other",
      "models": Array [
        Object {
          "id": "otherfixed",
          "multichannel": false,
          "regexp": "OtherModel*",
          "title": "other fixed",
        },
        Object {
          "id": "otherptz",
          "multichannel": false,
          "regexp": "OtherModel*",
          "title": "other ptz",
        },
      ],
      "title": "Other",
    },
    Object {
      "id": "panasonic",
      "models": Array [
        Object {
          "id": "othermodel",
          "multichannel": false,
          "regexp": "panasonic.*",
          "title": "Other model",
        },
        Object {
          "id": "otherptzmodel",
          "multichannel": false,
          "regexp": "panasonic.*",
          "title": "Other PTZ-model",
        },
        Object {
          "id": "wvnp502e",
          "multichannel": false,
          "regexp": "WV-NP502E.*",
          "title": "WV-NP502E",
        },
        Object {
          "id": "wvsc588",
          "multichannel": false,
          "regexp": "WV-SC588.*",
          "title": "WV-SC588",
        },
        Object {
          "id": "wvsf306",
          "multichannel": false,
          "regexp": "WV-SF306.*",
          "title": "WV-SF306",
        },
        Object {
          "id": "wvsf336e",
          "multichannel": false,
          "regexp": "WV-SF336E.*",
          "title": "WV-SF336E",
        },
        Object {
          "id": "wvsf346",
          "multichannel": false,
          "regexp": "WV-SF346.*",
          "title": "WV-SF346",
        },
        Object {
          "id": "wvsp306",
          "multichannel": false,
          "regexp": "WV-SP306.*",
          "title": "WV-SP306",
        },
        Object {
          "id": "wvsw316e",
          "multichannel": false,
          "regexp": "WV-SW316E.*",
          "title": "WV-SW316E",
        },
        Object {
          "id": "wvsw395",
          "multichannel": false,
          "regexp": "WV-SW395.*",
          "title": "WV-SW395",
        },
        Object {
          "id": "wvsw396e",
          "multichannel": false,
          "regexp": "WV-SW396E.*",
          "title": "WV-SW396E",
        },
        Object {
          "id": "wvsw598e",
          "multichannel": false,
          "regexp": "WV-SW598E.*",
          "title": "WV-SW598E",
        },
        Object {
          "id": "wvsfr311a",
          "multichannel": false,
          "regexp": "WV-SFR311A.*",
          "title": "WV-SFR311A",
        },
        Object {
          "id": "wvspw631l",
          "multichannel": false,
          "regexp": "WV-SPW631L.*",
          "title": "WV-SPW631L",
        },
        Object {
          "id": "wvsp105",
          "multichannel": false,
          "regexp": "WV-SP105.*",
          "title": "WV-SP105",
        },
        Object {
          "id": "wvsw395a",
          "multichannel": false,
          "regexp": "WV-SW395A.*",
          "title": "WV-SW395A",
        },
      ],
      "title": "Panasonic",
    },
    Object {
      "id": "polyvision",
      "models": Array [
        Object {
          "id": "othermodel",
          "multichannel": false,
          "regexp": "polyvision.|PDL-*",
          "title": "Other model",
        },
        Object {
          "id": "otherptzmodel",
          "multichannel": false,
          "regexp": "polyvision.|PDL-*",
          "title": "Other PTZ-model",
        },
        Object {
          "id": "pdlip5b28mpa",
          "multichannel": false,
          "regexp": "PDL-IP5-B2.8MPA.*",
          "title": "PDL-IP5-B2.8MPA",
        },
        Object {
          "id": "pdlip2v13p",
          "multichannel": false,
          "regexp": "PDL-IP2-V13P.*",
          "title": "PDL-IP2-V13P",
        },
      ],
      "title": "Polyvision",
    },
    Object {
      "id": "rvi",
      "models": Array [
        Object {
          "id": "othermodel",
          "multichannel": false,
          "regexp": "rvi.*",
          "title": "Other model",
        },
        Object {
          "id": "otherptzmodel",
          "multichannel": false,
          "regexp": "rvi.*",
          "title": "Other PTZ-model",
        },
        Object {
          "id": "rviipc53m",
          "multichannel": false,
          "regexp": "RVi-IPC53M.*",
          "title": "RVi-IPC53M",
        },
        Object {
          "id": "rviipc21",
          "multichannel": false,
          "regexp": "RVi-IPC21.*",
          "title": "RVi-IPC21",
        },
      ],
      "title": "RVi",
    },
    Object {
      "id": "sambo",
      "models": Array [
        Object {
          "id": "othermodel",
          "multichannel": false,
          "regexp": "sambo.*",
          "title": "Other model",
        },
        Object {
          "id": "otherptzmodel",
          "multichannel": false,
          "regexp": "sambo.*",
          "title": "Other PTZ-model",
        },
        Object {
          "id": "sbids200p2",
          "multichannel": false,
          "regexp": "SB-IDS200P2.*",
          "title": "SB-IDS200P2",
        },
      ],
      "title": "Sambo",
    },
    Object {
      "id": "samsung",
      "models": Array [
        Object {
          "id": "othermodel",
          "multichannel": false,
          "regexp": "samsung.*",
          "title": "Other model",
        },
        Object {
          "id": "otherptzmodel",
          "multichannel": false,
          "regexp": "samsung.*",
          "title": "Other PTZ-model",
        },
        Object {
          "id": "snb6004",
          "multichannel": false,
          "regexp": "SNB-6004.*",
          "title": "SNB-6004",
        },
        Object {
          "id": "snp6320p",
          "multichannel": false,
          "regexp": "SNP-6320 P.*",
          "title": "SNP-6320 P",
        },
        Object {
          "id": "snb7004p",
          "multichannel": false,
          "regexp": "SNB-7004P.*",
          "title": "SNB-7004P",
        },
      ],
      "title": "Samsung",
    },
    Object {
      "id": "secureos",
      "models": Array [
        Object {
          "id": "othermodel",
          "multichannel": true,
          "regexp": "SecureOs.*",
          "title": "Other model",
        },
      ],
      "title": "SecureOS",
    },
    Object {
      "id": "tantos",
      "models": Array [
        Object {
          "id": "othermodel",
          "multichannel": false,
          "regexp": "Tantos.*|TSi*",
          "title": "Other model",
        },
        Object {
          "id": "otherptzmodel",
          "multichannel": false,
          "regexp": "Tantos.*|TSi*",
          "title": "Other PTZ-model",
        },
        Object {
          "id": "tsipn425vpz",
          "multichannel": false,
          "regexp": "TSi-Pn425VPZ.*",
          "title": "TSi-Pn425VPZ",
        },
        Object {
          "id": "tsipn235fp",
          "multichannel": false,
          "regexp": "TSi-Pn235FP.*",
          "title": "TSi-Pn235FP",
        },
        Object {
          "id": "tsipe25fp",
          "multichannel": false,
          "regexp": "TSi-Pe25FP.*",
          "title": "TSi-Pe25FP",
        },
      ],
      "title": "Tantos",
    },
    Object {
      "id": "uniview",
      "models": Array [
        Object {
          "id": "othermodel",
          "multichannel": false,
          "regexp": "uniview.*|^IPC(!((amera)|-))|IPC.+-.*(F40|F28|Z28)",
          "title": "Other model",
        },
        Object {
          "id": "otherptzmodel",
          "multichannel": false,
          "regexp": "uniview.*|^IPC(!((amera)|-))|IPC.+-.*(F40|F28|Z28)",
          "title": "Other PTZ-model",
        },
        Object {
          "id": "f40",
          "multichannel": false,
          "regexp": "IPC.+-.*F40",
          "title": "F40",
        },
        Object {
          "id": "f28",
          "multichannel": false,
          "regexp": "IPC.+-.*F28",
          "title": "F28",
        },
        Object {
          "id": "z28",
          "multichannel": false,
          "regexp": "IPC.+-.*Z28",
          "title": "Z28",
        },
        Object {
          "id": "ipc2324ebrdp",
          "multichannel": false,
          "regexp": "IPC2324EBR-DP.*",
          "title": "IPC2324EBR-DP",
        },
        Object {
          "id": "ipc6322lrx33duc",
          "multichannel": false,
          "regexp": "ipc6322lrx33duc.*",
          "title": "IPC6322LR-X33DU-C",
        },
      ],
      "title": "Uniview",
    },
    Object {
      "id": "Videotec",
      "models": Array [
        Object {
          "id": "uchd11zaz00b",
          "multichannel": false,
          "regexp": "UCHD11(Z|U)AZ00B.*",
          "title": "UCHD11ZAZ00B",
        },
        Object {
          "id": "othermodel",
          "multichannel": false,
          "regexp": "Videotec",
          "title": "Other model",
        },
        Object {
          "id": "otherptzmodel",
          "multichannel": false,
          "regexp": "Videotec",
          "title": "Other PTZ-model",
        },
      ],
      "title": "Videotec",
    },
    Object {
      "id": "vivotek",
      "models": Array [
        Object {
          "id": "othermodel",
          "multichannel": false,
          "regexp": "vivotek.*",
          "title": "Other model",
        },
        Object {
          "id": "otherptzmodel",
          "multichannel": false,
          "regexp": "vivotek.*",
          "title": "Other PTZ-model",
        },
        Object {
          "id": "ib9391eht",
          "multichannel": false,
          "regexp": "IB9391-EHT.*",
          "title": "IB9391-EHT",
        },
        Object {
          "id": "ib9367eht",
          "multichannel": false,
          "regexp": "IB9367-EHT.*",
          "title": "IB9367-EHT",
        },
        Object {
          "id": "fd8166a",
          "multichannel": false,
          "regexp": "FD8166A.*",
          "title": "FD8166A",
        },
      ],
      "title": "Vivotek",
    },
  ],
}
`;
